# output generated by count --per-gene --gene-tag=XT --per-cell -i -I /import/kg_csbws03/lehmann/Eoulsan/tests/sample1TP-T3/filtersam7_output/filtersam7_output_alignments_T3R2.sam -S /import/kg_csbws03/lehmann/Eoulsan/tests/sample1TP-T3/countstep7_output/countstep7_output_ExpressionMatrix_T3R2.tsv
# job started at Fri Nov 17 10:22:46 2017 on 52803c43fcff -- 492cb93e-4f9b-4c20-84a0-23df0db36108
# pid: 19, system: Linux 3.13.0-77-generic #121-Ubuntu SMP Wed Jan 20 10:50:42 UTC 2016 x86_64
# cell_tag                                : None
# chrom                                   : None
# compresslevel                           : 6
# gene_tag                                : XT
# gene_transcript_map                     : None
# get_umi_method                          : read_id
# ignore_umi                              : False
# in_sam                                  : True
# log2stderr                              : False
# loglevel                                : 1
# mapping_quality                         : 0
# method                                  : directional
# paired                                  : False
# per_cell                                : True
# per_contig                              : False
# per_gene                                : True
# random_seed                             : None
# short_help                              : None
# skip_regex                              : ^[__|Unassigned]
# stderr                                  : <open file '<stderr>', mode 'w' at 0x7ff73a3421e0>
# stdin                                   : <open file '/import/kg_csbws03/lehmann/Eoulsan/tests/sample1TP-T3/filtersam7_output/filtersam7_output_alignments_T3R2.sam', mode 'r' at 0x7ff71e611390>
# stdlog                                  : <open file '<stdout>', mode 'w' at 0x7ff73a342150>
# stdout                                  : <open file '/import/kg_csbws03/lehmann/Eoulsan/tests/sample1TP-T3/countstep7_output/countstep7_output_ExpressionMatrix_T3R2.tsv', mode 'w' at 0x7ff71ee5f4b0>
# subset                                  : None
# threshold                               : 1
# timeit_file                             : None
# timeit_header                           : None
# timeit_name                             : all
# umi_sep                                 : _
# umi_tag                                 : RX
# wide_format_cell_counts                 : False
2017-11-17 10:30:16,880 INFO Input Reads: 37636667
2017-11-17 10:30:16,880 INFO Read skipped, no tag: 37636667
2017-11-17 10:30:16,880 INFO Number of reads counted: 0
# job finished in 451 seconds at Fri Nov 17 10:30:16 2017 -- 447.07  4.28  0.00  0.00 -- 492cb93e-4f9b-4c20-84a0-23df0db36108
