# output generated by extract --stdin /import/kg_csbws03/lehmann/Data/pDC_Soumelis_2017/step1_bcl2fastq/T3_R1.fastq --stdout /import/kg_csbws03/lehmann/Data/pDC_Soumelis_2017/step1_bcl2fastq/T3_R1extracted.fastq --read2-in /import/kg_csbws03/lehmann/Data/pDC_Soumelis_2017/step1_bcl2fastq/T3_R2.fastq --read2-out=/import/kg_csbws03/lehmann/Eoulsan/tests/sample1TP-T3/umistepextract7_output/umistepextract7_output_reads_T3R2_file0.fq --whitelist=/import/kg_csbws03/lehmann/Eoulsan/tests/sample1TP-T3/umistepwhitelist7_output/umistepwhitelist7_output_umiwhitelist_T3R2.txt --bc-pattern=CCCCCCCCCCCCCCCCNNNNNNNNNN --filter-cell-barcode
# job started at Fri Nov 17 08:49:59 2017 on a4c0d0b09724 -- fcb70c99-5a47-4e12-b3c7-603ce9cf33f0
# pid: 25, system: Linux 3.13.0-77-generic #121-Ubuntu SMP Wed Jan 20 10:50:42 UTC 2016 x86_64
# blacklist                               : None
# compresslevel                           : 6
# error_correct_cell                      : False
# extract_method                          : string
# filter_cell_barcode                     : True
# filter_cell_barcodes                    : False
# log2stderr                              : False
# loglevel                                : 1
# pattern                                 : CCCCCCCCCCCCCCCCNNNNNNNNNN
# pattern2                                : None
# prime3                                  : None
# quality_encoding                        : None
# quality_filter_mask                     : None
# quality_filter_threshold                : None
# random_seed                             : None
# read2_in                                : /import/kg_csbws03/lehmann/Data/pDC_Soumelis_2017/step1_bcl2fastq/T3_R2.fastq
# read2_out                               : /import/kg_csbws03/lehmann/Eoulsan/tests/sample1TP-T3/umistepextract7_output/umistepextract7_output_reads_T3R2_file0.fq
# read2_stdout                            : False
# reads_subset                            : None
# reconcile                               : False
# short_help                              : None
# stderr                                  : <open file '<stderr>', mode 'w' at 0x7fbd0516b1e0>
# stdin                                   : <open file '/import/kg_csbws03/lehmann/Data/pDC_Soumelis_2017/step1_bcl2fastq/T3_R1.fastq', mode 'r' at 0x7fbced213f60>
# stdlog                                  : <open file '<stdout>', mode 'w' at 0x7fbd0516b150>
# stdout                                  : <open file '/import/kg_csbws03/lehmann/Data/pDC_Soumelis_2017/step1_bcl2fastq/T3_R1extracted.fastq', mode 'w' at 0x7fbceda57300>
# timeit_file                             : None
# timeit_header                           : None
# timeit_name                             : all
# whitelist                               : /import/kg_csbws03/lehmann/Eoulsan/tests/sample1TP-T3/umistepwhitelist7_output/umistepwhitelist7_output_umiwhitelist_T3R2.txt
2017-11-17 08:49:59,500 INFO Starting barcode extraction
2017-11-17 08:50:05,372 INFO Parsed 100000 reads
2017-11-17 08:50:09,689 INFO Parsed 200000 reads
2017-11-17 08:50:13,919 INFO Parsed 300000 reads
2017-11-17 08:50:18,157 INFO Parsed 400000 reads
2017-11-17 08:50:22,380 INFO Parsed 500000 reads
2017-11-17 08:50:26,614 INFO Parsed 600000 reads
2017-11-17 08:50:30,845 INFO Parsed 700000 reads
2017-11-17 08:50:34,980 INFO Parsed 800000 reads
2017-11-17 08:50:39,162 INFO Parsed 900000 reads
2017-11-17 08:50:43,371 INFO Parsed 1000000 reads
2017-11-17 08:50:47,651 INFO Parsed 1100000 reads
2017-11-17 08:50:51,835 INFO Parsed 1200000 reads
2017-11-17 08:50:56,077 INFO Parsed 1300000 reads
2017-11-17 08:51:00,343 INFO Parsed 1400000 reads
2017-11-17 08:51:04,549 INFO Parsed 1500000 reads
2017-11-17 08:51:08,712 INFO Parsed 1600000 reads
2017-11-17 08:51:12,799 INFO Parsed 1700000 reads
2017-11-17 08:51:17,016 INFO Parsed 1800000 reads
2017-11-17 08:51:21,275 INFO Parsed 1900000 reads
2017-11-17 08:51:25,464 INFO Parsed 2000000 reads
2017-11-17 08:51:29,125 INFO Parsed 2100000 reads
2017-11-17 08:51:32,502 INFO Parsed 2200000 reads
2017-11-17 08:51:35,884 INFO Parsed 2300000 reads
2017-11-17 08:51:39,275 INFO Parsed 2400000 reads
2017-11-17 08:51:42,647 INFO Parsed 2500000 reads
2017-11-17 08:51:46,020 INFO Parsed 2600000 reads
2017-11-17 08:51:49,435 INFO Parsed 2700000 reads
2017-11-17 08:51:52,809 INFO Parsed 2800000 reads
2017-11-17 08:51:56,187 INFO Parsed 2900000 reads
2017-11-17 08:51:59,562 INFO Parsed 3000000 reads
2017-11-17 08:52:02,951 INFO Parsed 3100000 reads
2017-11-17 08:52:06,310 INFO Parsed 3200000 reads
2017-11-17 08:52:09,690 INFO Parsed 3300000 reads
2017-11-17 08:52:13,072 INFO Parsed 3400000 reads
2017-11-17 08:52:16,447 INFO Parsed 3500000 reads
2017-11-17 08:52:19,821 INFO Parsed 3600000 reads
2017-11-17 08:52:23,197 INFO Parsed 3700000 reads
2017-11-17 08:52:26,581 INFO Parsed 3800000 reads
2017-11-17 08:52:29,955 INFO Parsed 3900000 reads
2017-11-17 08:52:33,330 INFO Parsed 4000000 reads
2017-11-17 08:52:36,712 INFO Parsed 4100000 reads
2017-11-17 08:52:40,111 INFO Parsed 4200000 reads
2017-11-17 08:52:43,488 INFO Parsed 4300000 reads
2017-11-17 08:52:46,864 INFO Parsed 4400000 reads
2017-11-17 08:52:50,243 INFO Parsed 4500000 reads
2017-11-17 08:52:53,619 INFO Parsed 4600000 reads
2017-11-17 08:52:56,994 INFO Parsed 4700000 reads
2017-11-17 08:53:00,379 INFO Parsed 4800000 reads
2017-11-17 08:53:03,757 INFO Parsed 4900000 reads
2017-11-17 08:53:07,036 INFO Parsed 5000000 reads
2017-11-17 08:53:10,409 INFO Parsed 5100000 reads
2017-11-17 08:53:13,784 INFO Parsed 5200000 reads
2017-11-17 08:53:17,160 INFO Parsed 5300000 reads
2017-11-17 08:53:20,590 INFO Parsed 5400000 reads
2017-11-17 08:53:23,951 INFO Parsed 5500000 reads
2017-11-17 08:53:27,327 INFO Parsed 5600000 reads
2017-11-17 08:53:30,703 INFO Parsed 5700000 reads
2017-11-17 08:53:34,079 INFO Parsed 5800000 reads
2017-11-17 08:53:37,455 INFO Parsed 5900000 reads
2017-11-17 08:53:40,827 INFO Parsed 6000000 reads
2017-11-17 08:53:44,204 INFO Parsed 6100000 reads
2017-11-17 08:53:47,584 INFO Parsed 6200000 reads
2017-11-17 08:53:50,956 INFO Parsed 6300000 reads
2017-11-17 08:53:54,331 INFO Parsed 6400000 reads
2017-11-17 08:53:57,709 INFO Parsed 6500000 reads
2017-11-17 08:54:01,420 INFO Parsed 6600000 reads
2017-11-17 08:54:05,613 INFO Parsed 6700000 reads
2017-11-17 08:54:09,801 INFO Parsed 6800000 reads
2017-11-17 08:54:14,013 INFO Parsed 6900000 reads
2017-11-17 08:54:18,235 INFO Parsed 7000000 reads
2017-11-17 08:54:22,464 INFO Parsed 7100000 reads
2017-11-17 08:54:26,655 INFO Parsed 7200000 reads
2017-11-17 08:54:30,879 INFO Parsed 7300000 reads
2017-11-17 08:54:35,159 INFO Parsed 7400000 reads
2017-11-17 08:54:39,336 INFO Parsed 7500000 reads
2017-11-17 08:54:43,549 INFO Parsed 7600000 reads
2017-11-17 08:54:47,749 INFO Parsed 7700000 reads
2017-11-17 08:54:51,961 INFO Parsed 7800000 reads
2017-11-17 08:54:56,225 INFO Parsed 7900000 reads
2017-11-17 08:55:00,579 INFO Parsed 8000000 reads
2017-11-17 08:55:04,850 INFO Parsed 8100000 reads
2017-11-17 08:55:09,050 INFO Parsed 8200000 reads
2017-11-17 08:55:13,224 INFO Parsed 8300000 reads
2017-11-17 08:55:17,415 INFO Parsed 8400000 reads
2017-11-17 08:55:21,537 INFO Parsed 8500000 reads
2017-11-17 08:55:25,710 INFO Parsed 8600000 reads
2017-11-17 08:55:29,963 INFO Parsed 8700000 reads
2017-11-17 08:55:34,108 INFO Parsed 8800000 reads
2017-11-17 08:55:38,288 INFO Parsed 8900000 reads
2017-11-17 08:55:42,553 INFO Parsed 9000000 reads
2017-11-17 08:55:46,723 INFO Parsed 9100000 reads
2017-11-17 08:55:50,908 INFO Parsed 9200000 reads
2017-11-17 08:55:55,158 INFO Parsed 9300000 reads
2017-11-17 08:55:59,341 INFO Parsed 9400000 reads
2017-11-17 08:56:03,461 INFO Parsed 9500000 reads
2017-11-17 08:56:07,667 INFO Parsed 9600000 reads
2017-11-17 08:56:11,873 INFO Parsed 9700000 reads
2017-11-17 08:56:16,035 INFO Parsed 9800000 reads
2017-11-17 08:56:20,224 INFO Parsed 9900000 reads
2017-11-17 08:56:24,345 INFO Parsed 10000000 reads
2017-11-17 08:56:28,527 INFO Parsed 10100000 reads
2017-11-17 08:56:32,735 INFO Parsed 10200000 reads
2017-11-17 08:56:37,015 INFO Parsed 10300000 reads
2017-11-17 08:56:41,164 INFO Parsed 10400000 reads
2017-11-17 08:56:45,300 INFO Parsed 10500000 reads
2017-11-17 08:56:49,522 INFO Parsed 10600000 reads
2017-11-17 08:56:53,690 INFO Parsed 10700000 reads
2017-11-17 08:56:57,924 INFO Parsed 10800000 reads
2017-11-17 08:57:02,087 INFO Parsed 10900000 reads
2017-11-17 08:57:06,276 INFO Parsed 11000000 reads
2017-11-17 08:57:10,472 INFO Parsed 11100000 reads
2017-11-17 08:57:14,604 INFO Parsed 11200000 reads
2017-11-17 08:57:18,492 INFO Parsed 11300000 reads
2017-11-17 08:57:21,872 INFO Parsed 11400000 reads
2017-11-17 08:57:25,245 INFO Parsed 11500000 reads
2017-11-17 08:57:28,615 INFO Parsed 11600000 reads
2017-11-17 08:57:31,987 INFO Parsed 11700000 reads
2017-11-17 08:57:35,366 INFO Parsed 11800000 reads
2017-11-17 08:57:38,740 INFO Parsed 11900000 reads
2017-11-17 08:57:42,120 INFO Parsed 12000000 reads
2017-11-17 08:57:45,513 INFO Parsed 12100000 reads
2017-11-17 08:57:48,893 INFO Parsed 12200000 reads
2017-11-17 08:57:52,268 INFO Parsed 12300000 reads
2017-11-17 08:57:55,653 INFO Parsed 12400000 reads
2017-11-17 08:57:59,038 INFO Parsed 12500000 reads
2017-11-17 08:58:03,022 INFO Parsed 12600000 reads
2017-11-17 08:58:07,191 INFO Parsed 12700000 reads
2017-11-17 08:58:11,427 INFO Parsed 12800000 reads
2017-11-17 08:58:15,666 INFO Parsed 12900000 reads
2017-11-17 08:58:19,856 INFO Parsed 13000000 reads
2017-11-17 08:58:24,077 INFO Parsed 13100000 reads
2017-11-17 08:58:28,300 INFO Parsed 13200000 reads
2017-11-17 08:58:32,489 INFO Parsed 13300000 reads
2017-11-17 08:58:36,680 INFO Parsed 13400000 reads
2017-11-17 08:58:40,872 INFO Parsed 13500000 reads
2017-11-17 08:58:45,064 INFO Parsed 13600000 reads
2017-11-17 08:58:49,201 INFO Parsed 13700000 reads
2017-11-17 08:58:53,432 INFO Parsed 13800000 reads
2017-11-17 08:58:57,610 INFO Parsed 13900000 reads
2017-11-17 08:59:01,584 INFO Parsed 14000000 reads
2017-11-17 08:59:05,721 INFO Parsed 14100000 reads
2017-11-17 08:59:09,951 INFO Parsed 14200000 reads
2017-11-17 08:59:14,146 INFO Parsed 14300000 reads
2017-11-17 08:59:18,340 INFO Parsed 14400000 reads
2017-11-17 08:59:22,552 INFO Parsed 14500000 reads
2017-11-17 08:59:26,763 INFO Parsed 14600000 reads
2017-11-17 08:59:31,022 INFO Parsed 14700000 reads
2017-11-17 08:59:35,248 INFO Parsed 14800000 reads
2017-11-17 08:59:39,414 INFO Parsed 14900000 reads
2017-11-17 08:59:43,623 INFO Parsed 15000000 reads
2017-11-17 08:59:47,767 INFO Parsed 15100000 reads
2017-11-17 08:59:51,986 INFO Parsed 15200000 reads
2017-11-17 08:59:56,238 INFO Parsed 15300000 reads
2017-11-17 09:00:00,461 INFO Parsed 15400000 reads
2017-11-17 09:00:04,693 INFO Parsed 15500000 reads
2017-11-17 09:00:08,966 INFO Parsed 15600000 reads
2017-11-17 09:00:13,236 INFO Parsed 15700000 reads
2017-11-17 09:00:17,365 INFO Parsed 15800000 reads
2017-11-17 09:00:21,527 INFO Parsed 15900000 reads
2017-11-17 09:00:25,817 INFO Parsed 16000000 reads
2017-11-17 09:00:30,017 INFO Parsed 16100000 reads
2017-11-17 09:00:33,969 INFO Parsed 16200000 reads
2017-11-17 09:00:37,353 INFO Parsed 16300000 reads
2017-11-17 09:00:40,725 INFO Parsed 16400000 reads
2017-11-17 09:00:44,092 INFO Parsed 16500000 reads
2017-11-17 09:00:47,463 INFO Parsed 16600000 reads
2017-11-17 09:00:50,840 INFO Parsed 16700000 reads
2017-11-17 09:00:54,215 INFO Parsed 16800000 reads
2017-11-17 09:00:57,594 INFO Parsed 16900000 reads
2017-11-17 09:01:00,979 INFO Parsed 17000000 reads
2017-11-17 09:01:04,352 INFO Parsed 17100000 reads
2017-11-17 09:01:07,725 INFO Parsed 17200000 reads
2017-11-17 09:01:11,101 INFO Parsed 17300000 reads
2017-11-17 09:01:14,502 INFO Parsed 17400000 reads
2017-11-17 09:01:17,877 INFO Parsed 17500000 reads
2017-11-17 09:01:21,252 INFO Parsed 17600000 reads
2017-11-17 09:01:24,633 INFO Parsed 17700000 reads
2017-11-17 09:01:28,006 INFO Parsed 17800000 reads
2017-11-17 09:01:31,264 INFO Parsed 17900000 reads
2017-11-17 09:01:34,619 INFO Parsed 18000000 reads
2017-11-17 09:01:37,996 INFO Parsed 18100000 reads
2017-11-17 09:01:41,358 INFO Parsed 18200000 reads
2017-11-17 09:01:44,747 INFO Parsed 18300000 reads
2017-11-17 09:01:48,123 INFO Parsed 18400000 reads
2017-11-17 09:01:51,467 INFO Parsed 18500000 reads
2017-11-17 09:01:54,842 INFO Parsed 18600000 reads
2017-11-17 09:01:58,220 INFO Parsed 18700000 reads
2017-11-17 09:02:01,606 INFO Parsed 18800000 reads
2017-11-17 09:02:04,983 INFO Parsed 18900000 reads
2017-11-17 09:02:08,357 INFO Parsed 19000000 reads
2017-11-17 09:02:11,737 INFO Parsed 19100000 reads
2017-11-17 09:02:15,123 INFO Parsed 19200000 reads
2017-11-17 09:02:18,501 INFO Parsed 19300000 reads
2017-11-17 09:02:21,883 INFO Parsed 19400000 reads
2017-11-17 09:02:25,256 INFO Parsed 19500000 reads
2017-11-17 09:02:28,631 INFO Parsed 19600000 reads
2017-11-17 09:02:32,004 INFO Parsed 19700000 reads
2017-11-17 09:02:35,386 INFO Parsed 19800000 reads
2017-11-17 09:02:38,767 INFO Parsed 19900000 reads
2017-11-17 09:02:42,144 INFO Parsed 20000000 reads
2017-11-17 09:02:45,526 INFO Parsed 20100000 reads
2017-11-17 09:02:48,897 INFO Parsed 20200000 reads
2017-11-17 09:02:52,275 INFO Parsed 20300000 reads
2017-11-17 09:02:55,649 INFO Parsed 20400000 reads
2017-11-17 09:02:59,011 INFO Parsed 20500000 reads
2017-11-17 09:03:02,588 INFO Parsed 20600000 reads
2017-11-17 09:03:05,945 INFO Parsed 20700000 reads
2017-11-17 09:03:09,310 INFO Parsed 20800000 reads
2017-11-17 09:03:12,676 INFO Parsed 20900000 reads
2017-11-17 09:03:16,035 INFO Parsed 21000000 reads
2017-11-17 09:03:19,400 INFO Parsed 21100000 reads
2017-11-17 09:03:22,762 INFO Parsed 21200000 reads
2017-11-17 09:03:26,124 INFO Parsed 21300000 reads
2017-11-17 09:03:29,486 INFO Parsed 21400000 reads
2017-11-17 09:03:32,898 INFO Parsed 21500000 reads
2017-11-17 09:03:36,262 INFO Parsed 21600000 reads
2017-11-17 09:03:39,625 INFO Parsed 21700000 reads
2017-11-17 09:03:42,988 INFO Parsed 21800000 reads
2017-11-17 09:03:46,415 INFO Parsed 21900000 reads
2017-11-17 09:03:49,774 INFO Parsed 22000000 reads
2017-11-17 09:03:53,137 INFO Parsed 22100000 reads
2017-11-17 09:03:56,499 INFO Parsed 22200000 reads
2017-11-17 09:03:59,861 INFO Parsed 22300000 reads
2017-11-17 09:04:03,688 INFO Parsed 22400000 reads
2017-11-17 09:04:07,825 INFO Parsed 22500000 reads
2017-11-17 09:04:12,025 INFO Parsed 22600000 reads
2017-11-17 09:04:16,110 INFO Parsed 22700000 reads
2017-11-17 09:04:20,307 INFO Parsed 22800000 reads
2017-11-17 09:04:24,477 INFO Parsed 22900000 reads
2017-11-17 09:04:28,666 INFO Parsed 23000000 reads
2017-11-17 09:04:32,890 INFO Parsed 23100000 reads
2017-11-17 09:04:37,029 INFO Parsed 23200000 reads
2017-11-17 09:04:41,270 INFO Parsed 23300000 reads
2017-11-17 09:04:45,470 INFO Parsed 23400000 reads
2017-11-17 09:04:49,650 INFO Parsed 23500000 reads
2017-11-17 09:04:53,890 INFO Parsed 23600000 reads
2017-11-17 09:04:57,989 INFO Parsed 23700000 reads
2017-11-17 09:05:01,758 INFO Parsed 23800000 reads
2017-11-17 09:05:05,123 INFO Parsed 23900000 reads
2017-11-17 09:05:08,411 INFO Parsed 24000000 reads
2017-11-17 09:05:11,777 INFO Parsed 24100000 reads
2017-11-17 09:05:15,141 INFO Parsed 24200000 reads
2017-11-17 09:05:18,505 INFO Parsed 24300000 reads
2017-11-17 09:05:21,867 INFO Parsed 24400000 reads
2017-11-17 09:05:25,232 INFO Parsed 24500000 reads
2017-11-17 09:05:28,596 INFO Parsed 24600000 reads
2017-11-17 09:05:31,965 INFO Parsed 24700000 reads
2017-11-17 09:05:35,334 INFO Parsed 24800000 reads
2017-11-17 09:05:38,794 INFO Parsed 24900000 reads
2017-11-17 09:05:42,169 INFO Parsed 25000000 reads
2017-11-17 09:05:45,533 INFO Parsed 25100000 reads
2017-11-17 09:05:48,894 INFO Parsed 25200000 reads
2017-11-17 09:05:52,258 INFO Parsed 25300000 reads
2017-11-17 09:05:55,626 INFO Parsed 25400000 reads
2017-11-17 09:05:58,993 INFO Parsed 25500000 reads
2017-11-17 09:06:02,359 INFO Parsed 25600000 reads
2017-11-17 09:06:05,720 INFO Parsed 25700000 reads
2017-11-17 09:06:09,081 INFO Parsed 25800000 reads
2017-11-17 09:06:12,446 INFO Parsed 25900000 reads
2017-11-17 09:06:15,809 INFO Parsed 26000000 reads
2017-11-17 09:06:19,170 INFO Parsed 26100000 reads
2017-11-17 09:06:22,531 INFO Parsed 26200000 reads
2017-11-17 09:06:25,893 INFO Parsed 26300000 reads
2017-11-17 09:06:29,254 INFO Parsed 26400000 reads
2017-11-17 09:06:32,622 INFO Parsed 26500000 reads
2017-11-17 09:06:35,990 INFO Parsed 26600000 reads
2017-11-17 09:06:39,357 INFO Parsed 26700000 reads
2017-11-17 09:06:42,722 INFO Parsed 26800000 reads
2017-11-17 09:06:46,088 INFO Parsed 26900000 reads
2017-11-17 09:06:49,450 INFO Parsed 27000000 reads
2017-11-17 09:06:52,813 INFO Parsed 27100000 reads
2017-11-17 09:06:56,179 INFO Parsed 27200000 reads
2017-11-17 09:06:59,540 INFO Parsed 27300000 reads
2017-11-17 09:07:02,906 INFO Parsed 27400000 reads
2017-11-17 09:07:06,272 INFO Parsed 27500000 reads
2017-11-17 09:07:09,635 INFO Parsed 27600000 reads
2017-11-17 09:07:12,999 INFO Parsed 27700000 reads
2017-11-17 09:07:16,390 INFO Parsed 27800000 reads
2017-11-17 09:07:19,750 INFO Parsed 27900000 reads
2017-11-17 09:07:23,109 INFO Parsed 28000000 reads
2017-11-17 09:07:26,471 INFO Parsed 28100000 reads
2017-11-17 09:07:29,829 INFO Parsed 28200000 reads
2017-11-17 09:07:33,193 INFO Parsed 28300000 reads
2017-11-17 09:07:36,551 INFO Parsed 28400000 reads
2017-11-17 09:07:39,910 INFO Parsed 28500000 reads
2017-11-17 09:07:43,270 INFO Parsed 28600000 reads
2017-11-17 09:07:46,710 INFO Parsed 28700000 reads
2017-11-17 09:07:50,071 INFO Parsed 28800000 reads
2017-11-17 09:07:53,437 INFO Parsed 28900000 reads
2017-11-17 09:07:56,798 INFO Parsed 29000000 reads
2017-11-17 09:08:00,158 INFO Parsed 29100000 reads
2017-11-17 09:08:03,525 INFO Parsed 29200000 reads
2017-11-17 09:08:06,884 INFO Parsed 29300000 reads
2017-11-17 09:08:10,242 INFO Parsed 29400000 reads
2017-11-17 09:08:13,604 INFO Parsed 29500000 reads
2017-11-17 09:08:17,031 INFO Parsed 29600000 reads
2017-11-17 09:08:20,391 INFO Parsed 29700000 reads
2017-11-17 09:08:23,752 INFO Parsed 29800000 reads
2017-11-17 09:08:27,117 INFO Parsed 29900000 reads
2017-11-17 09:08:30,479 INFO Parsed 30000000 reads
2017-11-17 09:08:33,824 INFO Parsed 30100000 reads
2017-11-17 09:08:37,191 INFO Parsed 30200000 reads
2017-11-17 09:08:40,555 INFO Parsed 30300000 reads
2017-11-17 09:08:43,920 INFO Parsed 30400000 reads
2017-11-17 09:08:47,287 INFO Parsed 30500000 reads
2017-11-17 09:08:50,651 INFO Parsed 30600000 reads
2017-11-17 09:08:54,015 INFO Parsed 30700000 reads
2017-11-17 09:08:57,389 INFO Parsed 30800000 reads
2017-11-17 09:09:00,754 INFO Parsed 30900000 reads
2017-11-17 09:09:04,799 INFO Parsed 31000000 reads
2017-11-17 09:09:09,011 INFO Parsed 31100000 reads
2017-11-17 09:09:13,172 INFO Parsed 31200000 reads
2017-11-17 09:09:17,436 INFO Parsed 31300000 reads
2017-11-17 09:09:21,615 INFO Parsed 31400000 reads
2017-11-17 09:09:25,823 INFO Parsed 31500000 reads
2017-11-17 09:09:30,034 INFO Parsed 31600000 reads
2017-11-17 09:09:34,242 INFO Parsed 31700000 reads
2017-11-17 09:09:38,466 INFO Parsed 31800000 reads
2017-11-17 09:09:42,618 INFO Parsed 31900000 reads
2017-11-17 09:09:46,787 INFO Parsed 32000000 reads
2017-11-17 09:09:50,974 INFO Parsed 32100000 reads
2017-11-17 09:09:55,098 INFO Parsed 32200000 reads
2017-11-17 09:09:59,222 INFO Parsed 32300000 reads
2017-11-17 09:10:03,375 INFO Parsed 32400000 reads
2017-11-17 09:10:06,820 INFO Parsed 32500000 reads
2017-11-17 09:10:10,073 INFO Parsed 32600000 reads
2017-11-17 09:10:13,404 INFO Parsed 32700000 reads
2017-11-17 09:10:16,566 INFO Parsed 32800000 reads
2017-11-17 09:10:19,847 INFO Parsed 32900000 reads
2017-11-17 09:10:23,179 INFO Parsed 33000000 reads
2017-11-17 09:10:26,511 INFO Parsed 33100000 reads
2017-11-17 09:10:29,807 INFO Parsed 33200000 reads
2017-11-17 09:10:33,110 INFO Parsed 33300000 reads
2017-11-17 09:10:36,404 INFO Parsed 33400000 reads
2017-11-17 09:10:39,680 INFO Parsed 33500000 reads
2017-11-17 09:10:42,984 INFO Parsed 33600000 reads
2017-11-17 09:10:46,208 INFO Parsed 33700000 reads
2017-11-17 09:10:49,472 INFO Parsed 33800000 reads
2017-11-17 09:10:52,775 INFO Parsed 33900000 reads
2017-11-17 09:10:56,028 INFO Parsed 34000000 reads
2017-11-17 09:10:59,309 INFO Parsed 34100000 reads
2017-11-17 09:11:02,567 INFO Parsed 34200000 reads
2017-11-17 09:11:05,903 INFO Parsed 34300000 reads
2017-11-17 09:11:09,137 INFO Parsed 34400000 reads
2017-11-17 09:11:12,417 INFO Parsed 34500000 reads
2017-11-17 09:11:15,663 INFO Parsed 34600000 reads
2017-11-17 09:11:18,923 INFO Parsed 34700000 reads
2017-11-17 09:11:22,185 INFO Parsed 34800000 reads
2017-11-17 09:11:25,395 INFO Parsed 34900000 reads
2017-11-17 09:11:28,674 INFO Parsed 35000000 reads
2017-11-17 09:11:31,901 INFO Parsed 35100000 reads
2017-11-17 09:11:35,205 INFO Parsed 35200000 reads
2017-11-17 09:11:38,499 INFO Parsed 35300000 reads
2017-11-17 09:11:41,765 INFO Parsed 35400000 reads
2017-11-17 09:11:44,994 INFO Parsed 35500000 reads
2017-11-17 09:11:48,149 INFO Parsed 35600000 reads
2017-11-17 09:11:51,416 INFO Parsed 35700000 reads
2017-11-17 09:11:54,685 INFO Parsed 35800000 reads
2017-11-17 09:11:58,008 INFO Parsed 35900000 reads
2017-11-17 09:12:01,247 INFO Parsed 36000000 reads
2017-11-17 09:12:04,518 INFO Parsed 36100000 reads
2017-11-17 09:12:07,734 INFO Parsed 36200000 reads
2017-11-17 09:12:10,999 INFO Parsed 36300000 reads
2017-11-17 09:12:14,301 INFO Parsed 36400000 reads
2017-11-17 09:12:17,476 INFO Parsed 36500000 reads
2017-11-17 09:12:20,743 INFO Parsed 36600000 reads
2017-11-17 09:12:24,033 INFO Parsed 36700000 reads
2017-11-17 09:12:27,363 INFO Parsed 36800000 reads
2017-11-17 09:12:30,614 INFO Parsed 36900000 reads
2017-11-17 09:12:33,828 INFO Parsed 37000000 reads
2017-11-17 09:12:37,073 INFO Parsed 37100000 reads
2017-11-17 09:12:40,359 INFO Parsed 37200000 reads
2017-11-17 09:12:43,625 INFO Parsed 37300000 reads
2017-11-17 09:12:46,856 INFO Parsed 37400000 reads
2017-11-17 09:12:50,198 INFO Parsed 37500000 reads
2017-11-17 09:12:53,466 INFO Parsed 37600000 reads
2017-11-17 09:12:56,742 INFO Parsed 37700000 reads
2017-11-17 09:13:00,027 INFO Parsed 37800000 reads
2017-11-17 09:13:03,356 INFO Parsed 37900000 reads
2017-11-17 09:13:06,617 INFO Parsed 38000000 reads
2017-11-17 09:13:09,892 INFO Parsed 38100000 reads
2017-11-17 09:13:13,138 INFO Parsed 38200000 reads
2017-11-17 09:13:16,348 INFO Parsed 38300000 reads
2017-11-17 09:13:19,632 INFO Parsed 38400000 reads
2017-11-17 09:13:22,924 INFO Parsed 38500000 reads
2017-11-17 09:13:26,187 INFO Parsed 38600000 reads
2017-11-17 09:13:29,446 INFO Parsed 38700000 reads
2017-11-17 09:13:32,697 INFO Parsed 38800000 reads
2017-11-17 09:13:36,015 INFO Parsed 38900000 reads
2017-11-17 09:13:39,291 INFO Parsed 39000000 reads
2017-11-17 09:13:42,563 INFO Parsed 39100000 reads
2017-11-17 09:13:45,771 INFO Parsed 39200000 reads
2017-11-17 09:13:49,029 INFO Parsed 39300000 reads
2017-11-17 09:13:52,308 INFO Parsed 39400000 reads
2017-11-17 09:13:55,564 INFO Parsed 39500000 reads
2017-11-17 09:13:58,842 INFO Parsed 39600000 reads
2017-11-17 09:14:02,156 INFO Parsed 39700000 reads
2017-11-17 09:14:05,430 INFO Parsed 39800000 reads
2017-11-17 09:14:08,684 INFO Parsed 39900000 reads
2017-11-17 09:14:12,006 INFO Parsed 40000000 reads
2017-11-17 09:14:15,281 INFO Parsed 40100000 reads
2017-11-17 09:14:18,541 INFO Parsed 40200000 reads
2017-11-17 09:14:21,847 INFO Parsed 40300000 reads
2017-11-17 09:14:25,109 INFO Parsed 40400000 reads
2017-11-17 09:14:28,357 INFO Parsed 40500000 reads
2017-11-17 09:14:31,639 INFO Parsed 40600000 reads
2017-11-17 09:14:34,996 INFO Parsed 40700000 reads
2017-11-17 09:14:38,305 INFO Parsed 40800000 reads
2017-11-17 09:14:41,615 INFO Parsed 40900000 reads
2017-11-17 09:14:44,942 INFO Parsed 41000000 reads
2017-11-17 09:14:48,179 INFO Parsed 41100000 reads
2017-11-17 09:14:51,444 INFO Parsed 41200000 reads
2017-11-17 09:14:54,729 INFO Parsed 41300000 reads
2017-11-17 09:14:58,458 INFO Parsed 41400000 reads
2017-11-17 09:15:02,041 INFO Parsed 41500000 reads
2017-11-17 09:15:05,635 INFO Parsed 41600000 reads
2017-11-17 09:15:09,176 INFO Parsed 41700000 reads
2017-11-17 09:15:12,982 INFO Parsed 41800000 reads
2017-11-17 09:15:16,339 INFO Parsed 41900000 reads
2017-11-17 09:15:19,688 INFO Parsed 42000000 reads
2017-11-17 09:15:22,622 INFO Parsed 42100000 reads
2017-11-17 09:15:25,649 INFO Parsed 42200000 reads
2017-11-17 09:15:28,880 INFO Parsed 42300000 reads
2017-11-17 09:15:31,836 INFO Parsed 42400000 reads
2017-11-17 09:15:34,786 INFO Parsed 42500000 reads
2017-11-17 09:15:37,986 INFO Parsed 42600000 reads
2017-11-17 09:15:41,160 INFO Parsed 42700000 reads
2017-11-17 09:15:44,473 INFO Parsed 42800000 reads
2017-11-17 09:15:47,695 INFO Parsed 42900000 reads
2017-11-17 09:15:50,846 INFO Parsed 43000000 reads
2017-11-17 09:15:53,771 INFO Parsed 43100000 reads
2017-11-17 09:15:56,932 INFO Parsed 43200000 reads
2017-11-17 09:16:00,070 INFO Parsed 43300000 reads
2017-11-17 09:16:03,423 INFO Parsed 43400000 reads
2017-11-17 09:16:06,715 INFO Parsed 43500000 reads
2017-11-17 09:16:10,231 INFO Parsed 43600000 reads
2017-11-17 09:16:13,740 INFO Parsed 43700000 reads
2017-11-17 09:16:17,019 INFO Parsed 43800000 reads
2017-11-17 09:16:20,577 INFO Parsed 43900000 reads
2017-11-17 09:16:23,748 INFO Parsed 44000000 reads
2017-11-17 09:16:26,990 INFO Parsed 44100000 reads
2017-11-17 09:16:29,918 INFO Parsed 44200000 reads
2017-11-17 09:16:33,055 INFO Parsed 44300000 reads
2017-11-17 09:16:36,331 INFO Parsed 44400000 reads
2017-11-17 09:16:39,474 INFO Parsed 44500000 reads
2017-11-17 09:16:43,133 INFO Parsed 44600000 reads
2017-11-17 09:16:46,531 INFO Parsed 44700000 reads
2017-11-17 09:16:49,726 INFO Parsed 44800000 reads
2017-11-17 09:16:53,024 INFO Parsed 44900000 reads
2017-11-17 09:16:56,159 INFO Parsed 45000000 reads
2017-11-17 09:16:59,654 INFO Parsed 45100000 reads
2017-11-17 09:17:02,965 INFO Parsed 45200000 reads
2017-11-17 09:17:06,255 INFO Parsed 45300000 reads
2017-11-17 09:17:09,495 INFO Parsed 45400000 reads
2017-11-17 09:17:12,747 INFO Parsed 45500000 reads
2017-11-17 09:17:16,038 INFO Parsed 45600000 reads
2017-11-17 09:17:19,939 INFO Parsed 45700000 reads
2017-11-17 09:17:23,303 INFO Parsed 45800000 reads
2017-11-17 09:17:26,468 INFO Parsed 45900000 reads
2017-11-17 09:17:29,820 INFO Parsed 46000000 reads
2017-11-17 09:17:33,380 INFO Parsed 46100000 reads
2017-11-17 09:17:36,956 INFO Parsed 46200000 reads
2017-11-17 09:17:39,965 INFO Parsed 46300000 reads
2017-11-17 09:17:43,147 INFO Parsed 46400000 reads
2017-11-17 09:17:46,704 INFO Parsed 46500000 reads
2017-11-17 09:17:49,887 INFO Parsed 46600000 reads
2017-11-17 09:17:53,617 INFO Parsed 46700000 reads
2017-11-17 09:17:56,967 INFO Parsed 46800000 reads
2017-11-17 09:18:00,102 INFO Parsed 46900000 reads
2017-11-17 09:18:03,367 INFO Parsed 47000000 reads
2017-11-17 09:18:06,403 INFO Parsed 47100000 reads
2017-11-17 09:18:09,449 INFO Parsed 47200000 reads
2017-11-17 09:18:12,942 INFO Parsed 47300000 reads
2017-11-17 09:18:16,339 INFO Parsed 47400000 reads
2017-11-17 09:18:19,930 INFO Parsed 47500000 reads
2017-11-17 09:18:22,918 INFO Parsed 47600000 reads
2017-11-17 09:18:26,257 INFO Parsed 47700000 reads
2017-11-17 09:18:29,449 INFO Parsed 47800000 reads
2017-11-17 09:18:32,673 INFO Parsed 47900000 reads
2017-11-17 09:18:36,290 INFO Parsed 48000000 reads
2017-11-17 09:18:39,592 INFO Parsed 48100000 reads
2017-11-17 09:18:42,888 INFO Parsed 48200000 reads
2017-11-17 09:18:45,867 INFO Parsed 48300000 reads
2017-11-17 09:18:48,894 INFO Parsed 48400000 reads
2017-11-17 09:18:52,176 INFO Parsed 48500000 reads
2017-11-17 09:18:55,655 INFO Parsed 48600000 reads
2017-11-17 09:18:58,990 INFO Parsed 48700000 reads
2017-11-17 09:19:02,340 INFO Parsed 48800000 reads
2017-11-17 09:19:05,719 INFO Parsed 48900000 reads
2017-11-17 09:19:08,810 INFO Parsed 49000000 reads
2017-11-17 09:19:12,155 INFO Parsed 49100000 reads
2017-11-17 09:19:15,384 INFO Parsed 49200000 reads
2017-11-17 09:19:18,810 INFO Parsed 49300000 reads
2017-11-17 09:19:22,002 INFO Parsed 49400000 reads
2017-11-17 09:19:25,242 INFO Parsed 49500000 reads
2017-11-17 09:19:28,180 INFO Parsed 49600000 reads
2017-11-17 09:19:31,115 INFO Parsed 49700000 reads
2017-11-17 09:19:34,049 INFO Parsed 49800000 reads
2017-11-17 09:19:36,984 INFO Parsed 49900000 reads
2017-11-17 09:19:39,812 INFO Parsed 50000000 reads
2017-11-17 09:19:42,603 INFO Parsed 50100000 reads
2017-11-17 09:19:45,428 INFO Parsed 50200000 reads
2017-11-17 09:19:48,200 INFO Parsed 50300000 reads
2017-11-17 09:19:51,005 INFO Parsed 50400000 reads
2017-11-17 09:19:53,814 INFO Parsed 50500000 reads
2017-11-17 09:19:56,620 INFO Parsed 50600000 reads
2017-11-17 09:19:59,432 INFO Parsed 50700000 reads
2017-11-17 09:20:02,247 INFO Parsed 50800000 reads
2017-11-17 09:20:05,060 INFO Parsed 50900000 reads
2017-11-17 09:20:07,861 INFO Parsed 51000000 reads
2017-11-17 09:20:10,664 INFO Parsed 51100000 reads
2017-11-17 09:20:13,405 INFO Parsed 51200000 reads
2017-11-17 09:20:16,208 INFO Parsed 51300000 reads
2017-11-17 09:20:19,006 INFO Parsed 51400000 reads
2017-11-17 09:20:21,793 INFO Parsed 51500000 reads
2017-11-17 09:20:24,614 INFO Parsed 51600000 reads
2017-11-17 09:20:27,329 INFO Parsed 51700000 reads
2017-11-17 09:20:30,130 INFO Parsed 51800000 reads
2017-11-17 09:20:32,955 INFO Parsed 51900000 reads
2017-11-17 09:20:35,761 INFO Parsed 52000000 reads
2017-11-17 09:20:38,580 INFO Parsed 52100000 reads
2017-11-17 09:20:41,332 INFO Parsed 52200000 reads
2017-11-17 09:20:44,033 INFO Parsed 52300000 reads
2017-11-17 09:20:46,775 INFO Parsed 52400000 reads
2017-11-17 09:20:49,519 INFO Parsed 52500000 reads
2017-11-17 09:20:52,253 INFO Parsed 52600000 reads
2017-11-17 09:20:54,988 INFO Parsed 52700000 reads
2017-11-17 09:20:57,731 INFO Parsed 52800000 reads
2017-11-17 09:21:00,468 INFO Parsed 52900000 reads
2017-11-17 09:21:03,212 INFO Parsed 53000000 reads
2017-11-17 09:21:05,946 INFO Parsed 53100000 reads
2017-11-17 09:21:08,685 INFO Parsed 53200000 reads
2017-11-17 09:21:11,393 INFO Parsed 53300000 reads
2017-11-17 09:21:14,086 INFO Parsed 53400000 reads
2017-11-17 09:21:16,825 INFO Parsed 53500000 reads
2017-11-17 09:21:19,564 INFO Parsed 53600000 reads
2017-11-17 09:21:22,293 INFO Parsed 53700000 reads
2017-11-17 09:21:25,027 INFO Parsed 53800000 reads
2017-11-17 09:21:26,982 INFO Input Reads: 53813481
2017-11-17 09:21:26,982 INFO Reads output: 47882640
2017-11-17 09:21:26,983 INFO Filtered cell barcode: 5930841
# job finished in 1888 seconds at Fri Nov 17 09:21:26 2017 -- 1857.82 25.66  0.00  0.00 -- fcb70c99-5a47-4e12-b3c7-603ce9cf33f0
